------------------------------------------------------------
TimeQuest Timing Analyzer Summary
------------------------------------------------------------

Type  : Slow 1100mV 85C Model Setup 'clk'
Slack : -0.406
TNS   : -3.361

Type  : Slow 1100mV 85C Model Hold 'clk'
Slack : 0.224
TNS   : 0.000

Type  : Slow 1100mV 85C Model Minimum Pulse Width 'clk'
Slack : -0.394
TNS   : -6.865

Type  : Slow 1100mV 0C Model Setup 'clk'
Slack : -0.401
TNS   : -3.246

Type  : Slow 1100mV 0C Model Hold 'clk'
Slack : 0.286
TNS   : 0.000

Type  : Slow 1100mV 0C Model Minimum Pulse Width 'clk'
Slack : -0.394
TNS   : -5.547

Type  : Fast 1100mV 85C Model Setup 'clk'
Slack : 0.228
TNS   : 0.000

Type  : Fast 1100mV 85C Model Hold 'clk'
Slack : 0.141
TNS   : 0.000

Type  : Fast 1100mV 85C Model Minimum Pulse Width 'clk'
Slack : -0.322
TNS   : -3.410

Type  : Fast 1100mV 0C Model Setup 'clk'
Slack : 0.278
TNS   : 0.000

Type  : Fast 1100mV 0C Model Hold 'clk'
Slack : 0.151
TNS   : 0.000

Type  : Fast 1100mV 0C Model Minimum Pulse Width 'clk'
Slack : -0.316
TNS   : -3.321

------------------------------------------------------------
